// Jest Snapshot v1, https://goo.gl/fbAQLP

exports[`it works 1`] = `
<button
  className="sc-bdVaJa zXMdD"
  color="primary"
  size="normal"
/>
`;
