// Jest Snapshot v1, https://goo.gl/fbAQLP

exports[`With custom theme 1`] = `null`;

exports[`create default close icon 1`] = `
<button
  aria-label="Close"
  className="sc-bdVaJa uNJFa"
>
  <span
    aria-hidden="true"
  >
    Ã—
  </span>
</button>
`;
